foo TT-AA 20  20  10  138 157 168 187 CTGACTTCAGCCCATTGCATAACTCAGGGTTAAACCCTGT  1 -57001288-0
foo TT-AA 20  20  10  311 330 341 360 TCACGGGCTTTTAACTCAGGGGATATCCGTGTCAGTGGAA  2 +58723442-0,+58716908-1
foo TT-AA 20  20  10  349 368 379 398 AGCTCGTCGCGCAAAAGCTTCACGCACTGCTGCCAAAGTT  1 -56705126-0
two TT-AA 20  20  10  114 133 144 163 CAGGGTTAAACCCTGTGCACAACTCGCCTGTGGATAAAAC  1 -57212897-0
